# original loaded=0,disabled=0,running=0; path success
VERIFY_CANDIDATE
RECORD_STATE
ARM_RECOVERY
MOVE_ASIDE
KILL_LEFTOVER
PLACE_CANDIDATE
ENABLE
QUIT_APP
VERIFY_STATE loaded=0,disabled=0,running=0
OPEN
HEALTH_CHECK
QUIT_APP
VERIFY_STATE loaded=0,disabled=0,running=0
DISARM_RECOVERY
DELETE_PREV
# original loaded=0,disabled=0,running=0; path place
VERIFY_CANDIDATE
RECORD_STATE
ARM_RECOVERY
MOVE_ASIDE
KILL_LEFTOVER
PLACE_CANDIDATE
CHECK_LOADED
KILL_LEFTOVER
REMOVE_NEW
RESTORE_PREV
ENABLE
QUIT_APP
VERIFY_STATE loaded=0,disabled=0,running=0
# original loaded=0,disabled=0,running=0; path health
VERIFY_CANDIDATE
RECORD_STATE
ARM_RECOVERY
MOVE_ASIDE
KILL_LEFTOVER
PLACE_CANDIDATE
ENABLE
QUIT_APP
VERIFY_STATE loaded=0,disabled=0,running=0
OPEN
HEALTH_CHECK
CHECK_LOADED
KILL_LEFTOVER
REMOVE_NEW
RESTORE_PREV
ENABLE
QUIT_APP
VERIFY_STATE loaded=0,disabled=0,running=0
# original loaded=0,disabled=0,running=1; path success
VERIFY_CANDIDATE
RECORD_STATE
ARM_RECOVERY
MOVE_ASIDE
KILL_LEFTOVER
PLACE_CANDIDATE
OPEN
HEALTH_CHECK
ENABLE
VERIFY_STATE loaded=0,disabled=0,running=1
DISARM_RECOVERY
DELETE_PREV
# original loaded=0,disabled=0,running=1; path place
VERIFY_CANDIDATE
RECORD_STATE
ARM_RECOVERY
MOVE_ASIDE
KILL_LEFTOVER
PLACE_CANDIDATE
CHECK_LOADED
KILL_LEFTOVER
REMOVE_NEW
RESTORE_PREV
OPEN
HEALTH_CHECK
ENABLE
VERIFY_STATE loaded=0,disabled=0,running=1
# original loaded=0,disabled=0,running=1; path health
VERIFY_CANDIDATE
RECORD_STATE
ARM_RECOVERY
MOVE_ASIDE
KILL_LEFTOVER
PLACE_CANDIDATE
OPEN
HEALTH_CHECK
CHECK_LOADED
KILL_LEFTOVER
REMOVE_NEW
RESTORE_PREV
OPEN
HEALTH_CHECK
ENABLE
VERIFY_STATE loaded=0,disabled=0,running=1
# original loaded=0,disabled=1,running=0; path success
VERIFY_CANDIDATE
RECORD_STATE
ARM_RECOVERY
MOVE_ASIDE
KILL_LEFTOVER
PLACE_CANDIDATE
DISABLE
QUIT_APP
VERIFY_STATE loaded=0,disabled=1,running=0
OPEN
HEALTH_CHECK
QUIT_APP
VERIFY_STATE loaded=0,disabled=1,running=0
DISARM_RECOVERY
DELETE_PREV
# original loaded=0,disabled=1,running=0; path place
VERIFY_CANDIDATE
RECORD_STATE
ARM_RECOVERY
MOVE_ASIDE
KILL_LEFTOVER
PLACE_CANDIDATE
CHECK_LOADED
KILL_LEFTOVER
REMOVE_NEW
RESTORE_PREV
DISABLE
QUIT_APP
VERIFY_STATE loaded=0,disabled=1,running=0
# original loaded=0,disabled=1,running=0; path health
VERIFY_CANDIDATE
RECORD_STATE
ARM_RECOVERY
MOVE_ASIDE
KILL_LEFTOVER
PLACE_CANDIDATE
DISABLE
QUIT_APP
VERIFY_STATE loaded=0,disabled=1,running=0
OPEN
HEALTH_CHECK
CHECK_LOADED
KILL_LEFTOVER
REMOVE_NEW
RESTORE_PREV
DISABLE
QUIT_APP
VERIFY_STATE loaded=0,disabled=1,running=0
# original loaded=0,disabled=1,running=1; path success
VERIFY_CANDIDATE
RECORD_STATE
ARM_RECOVERY
MOVE_ASIDE
KILL_LEFTOVER
PLACE_CANDIDATE
OPEN
HEALTH_CHECK
DISABLE
VERIFY_STATE loaded=0,disabled=1,running=1
DISARM_RECOVERY
DELETE_PREV
# original loaded=0,disabled=1,running=1; path place
VERIFY_CANDIDATE
RECORD_STATE
ARM_RECOVERY
MOVE_ASIDE
KILL_LEFTOVER
PLACE_CANDIDATE
CHECK_LOADED
KILL_LEFTOVER
REMOVE_NEW
RESTORE_PREV
OPEN
HEALTH_CHECK
DISABLE
VERIFY_STATE loaded=0,disabled=1,running=1
# original loaded=0,disabled=1,running=1; path health
VERIFY_CANDIDATE
RECORD_STATE
ARM_RECOVERY
MOVE_ASIDE
KILL_LEFTOVER
PLACE_CANDIDATE
OPEN
HEALTH_CHECK
CHECK_LOADED
KILL_LEFTOVER
REMOVE_NEW
RESTORE_PREV
OPEN
HEALTH_CHECK
DISABLE
VERIFY_STATE loaded=0,disabled=1,running=1
# original loaded=1,disabled=0,running=0; path success
VERIFY_CANDIDATE
RECORD_STATE
ARM_RECOVERY
MOVE_ASIDE
BOOTOUT
KILL_LEFTOVER
PLACE_CANDIDATE
ENABLE
BOOTSTRAP
HEALTH_CHECK
ENABLE
QUIT_APP
VERIFY_STATE loaded=1,disabled=0,running=0
DISARM_RECOVERY
DELETE_PREV
# original loaded=1,disabled=0,running=0; path place
VERIFY_CANDIDATE
RECORD_STATE
ARM_RECOVERY
MOVE_ASIDE
BOOTOUT
KILL_LEFTOVER
PLACE_CANDIDATE
CHECK_LOADED
KILL_LEFTOVER
REMOVE_NEW
RESTORE_PREV
ENABLE
BOOTSTRAP
HEALTH_CHECK
ENABLE
QUIT_APP
VERIFY_STATE loaded=1,disabled=0,running=0
# original loaded=1,disabled=0,running=0; path health
VERIFY_CANDIDATE
RECORD_STATE
ARM_RECOVERY
MOVE_ASIDE
BOOTOUT
KILL_LEFTOVER
PLACE_CANDIDATE
ENABLE
BOOTSTRAP
HEALTH_CHECK
CHECK_LOADED
BOOTOUT
KILL_LEFTOVER
REMOVE_NEW
RESTORE_PREV
ENABLE
BOOTSTRAP
HEALTH_CHECK
ENABLE
QUIT_APP
VERIFY_STATE loaded=1,disabled=0,running=0
# original loaded=1,disabled=0,running=1; path success
VERIFY_CANDIDATE
RECORD_STATE
ARM_RECOVERY
MOVE_ASIDE
BOOTOUT
KILL_LEFTOVER
PLACE_CANDIDATE
ENABLE
BOOTSTRAP
HEALTH_CHECK
ENABLE
VERIFY_STATE loaded=1,disabled=0,running=1
DISARM_RECOVERY
DELETE_PREV
# original loaded=1,disabled=0,running=1; path place
VERIFY_CANDIDATE
RECORD_STATE
ARM_RECOVERY
MOVE_ASIDE
BOOTOUT
KILL_LEFTOVER
PLACE_CANDIDATE
CHECK_LOADED
KILL_LEFTOVER
REMOVE_NEW
RESTORE_PREV
ENABLE
BOOTSTRAP
HEALTH_CHECK
ENABLE
VERIFY_STATE loaded=1,disabled=0,running=1
# original loaded=1,disabled=0,running=1; path health
VERIFY_CANDIDATE
RECORD_STATE
ARM_RECOVERY
MOVE_ASIDE
BOOTOUT
KILL_LEFTOVER
PLACE_CANDIDATE
ENABLE
BOOTSTRAP
HEALTH_CHECK
CHECK_LOADED
BOOTOUT
KILL_LEFTOVER
REMOVE_NEW
RESTORE_PREV
ENABLE
BOOTSTRAP
HEALTH_CHECK
ENABLE
VERIFY_STATE loaded=1,disabled=0,running=1
# original loaded=1,disabled=1,running=0; path success
VERIFY_CANDIDATE
RECORD_STATE
ARM_RECOVERY
MOVE_ASIDE
BOOTOUT
KILL_LEFTOVER
PLACE_CANDIDATE
ENABLE
BOOTSTRAP
HEALTH_CHECK
DISABLE
QUIT_APP
VERIFY_STATE loaded=1,disabled=1,running=0
DISARM_RECOVERY
DELETE_PREV
# original loaded=1,disabled=1,running=0; path place
VERIFY_CANDIDATE
RECORD_STATE
ARM_RECOVERY
MOVE_ASIDE
BOOTOUT
KILL_LEFTOVER
PLACE_CANDIDATE
CHECK_LOADED
KILL_LEFTOVER
REMOVE_NEW
RESTORE_PREV
ENABLE
BOOTSTRAP
HEALTH_CHECK
DISABLE
QUIT_APP
VERIFY_STATE loaded=1,disabled=1,running=0
# original loaded=1,disabled=1,running=0; path health
VERIFY_CANDIDATE
RECORD_STATE
ARM_RECOVERY
MOVE_ASIDE
BOOTOUT
KILL_LEFTOVER
PLACE_CANDIDATE
ENABLE
BOOTSTRAP
HEALTH_CHECK
CHECK_LOADED
BOOTOUT
KILL_LEFTOVER
REMOVE_NEW
RESTORE_PREV
ENABLE
BOOTSTRAP
HEALTH_CHECK
DISABLE
QUIT_APP
VERIFY_STATE loaded=1,disabled=1,running=0
# original loaded=1,disabled=1,running=1; path success
VERIFY_CANDIDATE
RECORD_STATE
ARM_RECOVERY
MOVE_ASIDE
BOOTOUT
KILL_LEFTOVER
PLACE_CANDIDATE
ENABLE
BOOTSTRAP
HEALTH_CHECK
DISABLE
VERIFY_STATE loaded=1,disabled=1,running=1
DISARM_RECOVERY
DELETE_PREV
# original loaded=1,disabled=1,running=1; path place
VERIFY_CANDIDATE
RECORD_STATE
ARM_RECOVERY
MOVE_ASIDE
BOOTOUT
KILL_LEFTOVER
PLACE_CANDIDATE
CHECK_LOADED
KILL_LEFTOVER
REMOVE_NEW
RESTORE_PREV
ENABLE
BOOTSTRAP
HEALTH_CHECK
DISABLE
VERIFY_STATE loaded=1,disabled=1,running=1
# original loaded=1,disabled=1,running=1; path health
VERIFY_CANDIDATE
RECORD_STATE
ARM_RECOVERY
MOVE_ASIDE
BOOTOUT
KILL_LEFTOVER
PLACE_CANDIDATE
ENABLE
BOOTSTRAP
HEALTH_CHECK
CHECK_LOADED
BOOTOUT
KILL_LEFTOVER
REMOVE_NEW
RESTORE_PREV
ENABLE
BOOTSTRAP
HEALTH_CHECK
DISABLE
VERIFY_STATE loaded=1,disabled=1,running=1
# original loaded=0,disabled=0,running=0; path health; --enable-autostart
VERIFY_CANDIDATE
RECORD_STATE
ARM_RECOVERY
MOVE_ASIDE
KILL_LEFTOVER
PLACE_CANDIDATE
ENABLE
BOOTSTRAP
HEALTH_CHECK
CHECK_LOADED
BOOTOUT
KILL_LEFTOVER
REMOVE_NEW
RESTORE_PREV
ENABLE
QUIT_APP
VERIFY_STATE loaded=0,disabled=0,running=0
